ソリューション開発部@TER21031900203 MINGW64 /
$ cd C:/Users/ソリューション開発部/Desktop/任意のフォルダー/git_challenge

ソリューション開発部@TER21031900203 MINGW64 ~/Desktop/任意のフォルダー/git_challenge (main)
$ pwd
/c/Users/ソリューション開発部/Desktop/任意のフォルダー/git_challenge

ソリューション開発部@TER21031900203 MINGW64 ~/Desktop/任意のフォルダー/git_challenge (main)
$ git init
Initialized empty Git repository in C:/Users/ソリューション開発部/Desktop/任意のフォルダー/git_challenge/.git/

ソリューション開発部@TER21031900203 MINGW64 ~/Desktop/任意のフォルダー/git_challenge (main)
$ git add hello_world.txt


ソリューション開発部@TER21031900203 MINGW64 ~/Desktop/任意のフォルダー/git_challenge (main)
$ git commit -m "こんにちは、世界！"
[main (root-commit) 36d6a61] こんにちは、世界！
 1 file changed, 1 insertion(+)
 create mode 100644 hello_world.txt

ソリューション開発部@TER21031900203 MINGW64 ~/Desktop/任意のフォルダー/git_challenge (main)
$ git commit -m "Hello，World！"
On branch main
Changes not staged for commit:
  (use "git add <file>..." to update what will be committed)
  (use "git restore <file>..." to discard changes in working directory)
        modified:   hello_world.txt

no changes added to commit (use "git add" and/or "git commit -a")


ソリューション開発部@TER21031900203 MINGW64 ~/Desktop/任意のフォルダー/git_challenge (main)
$ git commit -m "Hello，World！"
On branch main
Changes not staged for commit:
  (use "git add <file>..." to update what will be committed)
  (use "git restore <file>..." to discard changes in working directory)
        modified:   hello_world.txt

no changes added to commit (use "git add" and/or "git commit -a")

ソリューション開発部@TER21031900203 MINGW64 ~/Desktop/任意のフォルダー/git_challenge (main)
$ git commit -m "こんにちは、世界！"
On branch main
Changes not staged for commit:
  (use "git add <file>..." to update what will be committed)
  (use "git restore <file>..." to discard changes in working directory)
        modified:   hello_world.txt

no changes added to commit (use "git add" and/or "git commit -a")

ソリューション開発部@TER21031900203 MINGW64 ~/Desktop/任意のフォルダー/git_challenge (main)
$ git status
On branch main
Changes not staged for commit:
  (use "git add <file>..." to update what will be committed)
  (use "git restore <file>..." to discard changes in working directory)
        modified:   hello_world.txt

no changes added to commit (use "git add" and/or "git commit -a")

ソリューション開発部@TER21031900203 MINGW64 ~/Desktop/任意のフォルダー/git_challenge (main)
$ # インデックスとローカルリポジトリの変更差分を確認する
git diff --stage
error: invalid option: --stage
usage: git diff [<options>] [<commit>] [--] [<path>...]
   or: git diff [<options>] --cached [--merge-base] [<commit>] [--] [<path>...]
   or: git diff [<options>] [--merge-base] <commit> [<commit>...] <commit> [--] [<path>...]
   or: git diff [<options>] <commit>...<commit> [--] [<path>...]
   or: git diff [<options>] <blob> <blob>
   or: git diff [<options>] --no-index [--] <path> <path>

common diff options:
  -z            output diff-raw with lines terminated with NUL.
  -p            output patch format.
  -u            synonym for -p.
  --patch-with-raw
                output both a patch and the diff-raw format.
  --stat        show diffstat instead of patch.
  --numstat     show numeric diffstat instead of patch.
  --patch-with-stat
                output a patch and prepend its diffstat.
  --name-only   show only names of changed files.
  --name-status show names and status of changed files.
  --full-index  show full object name on index lines.
  --abbrev=<n>  abbreviate object names in diff-tree header and diff-raw.
  -R            swap input file pairs.
  -B            detect complete rewrites.
  -M            detect renames.
  -C            detect copies.
  --find-copies-harder
                try unchanged files as candidate for copy detection.
  -l<n>         limit rename attempts up to <n> paths.
  -O<file>      reorder diffs according to the <file>.
  -S<string>    find filepair whose only one side contains the string.
  --pickaxe-all
                show all files diff when -S is used and hit is found.
  -a  --text    treat all files as text.


ソリューション開発部@TER21031900203 MINGW64 ~/Desktop/任意のフォルダー/git_challenge (main)
$ git log -p cd C:/Users/ソリューション開発部/Desktop/任意のフォルダー/git_challenge

fatal: ambiguous argument 'cd': unknown revision or path not in the working tree.
Use '--' to separate paths from revisions, like this:
'git <command> [<revision>...] -- [<file>...]'

ソリューション開発部@TER21031900203 MINGW64 ~/Desktop/任意のフォルダー/git_challenge (main)
$ git log -n 2
commit 36d6a615991d015ab97ab6b0f9d66b5cd7351d06 (HEAD -> main)
Author: minatatsu371 <tatsuki1614@gmail.com>
Date:   Tue Apr 23 11:27:44 2024 +0900

    こんにちは、世界！

